LAYER
    CONNECTION "*"
    CONNECTIONTYPE POSTGIS
    DATA "geometri from stedsnavn_matview USING UNIQUE objid USING SRID=4258"
    MAXSCALEDENOM 50000
    METADATA
        "ows_include_items" "All"
        "ows_extent" "4 57 32 75"
        "ows_title" "N50 Stedsnavn"
        "gml_include_items" "All"
        "wms_layer_group" "/kd_stedsnavn"
    END
    NAME "N50Stedsnavn"
    PROCESSING "CLOSE_CONNECTION=DEFER"
    PROCESSING "LABEL_NO_CLIP=True"
    PROJECTION
        "init=epsg:4258"
    END
    STATUS ON
    TEMPLATE "c:/ms4w/empty.txt"
    TILEITEM "location"
    TYPE LINE
    UNITS METERS
    CLASS
        NAME "N50 Stedsnavn"
        EXPRESSION ( [fmx_rotation] != 0 )
        LABEL
            PARTIALS FALSE
            ANGLE FOLLOW
            ANTIALIAS TRUE
            FONT "verdana"
            SIZE [fontsize]
            COLOR [geodb_color]
            ENCODING "UTF-8"
            PRIORITY [fontsize]
            FORCE FALSE
            MINDISTANCE 50
            OUTLINECOLOR 254 254 254
            POSITION [horizontalalignment]
            TYPE TRUETYPE
        END
        TEXT "[textstring]"
    END
    CLASS
        NAME "N50 Stedsnavn"
        EXPRESSION ( [fmx_rotation] = 0 )
        LABEL
            PARTIALS FALSE
            ANTIALIAS TRUE
            FONT "verdana"
            SIZE [fontsize]
            COLOR [geodb_color]
            ENCODING "UTF-8"
            PRIORITY [fontsize]
            FORCE FALSE
            MINDISTANCE 50
            OUTLINECOLOR 254 254 254
            POSITION [horizontalalignment]
            TYPE TRUETYPE
        END
        TEXT "[textstring]"
    END
END